PHPUnit 10.5.63 by Sebastian Bergmann and contributors.

Runtime:       PHP 8.2.12
Configuration: C:\Users\USER\Desktop\projects\WhatsApp workflow automation\phpunit.xml

.EEEEEEEEE                                                        10 / 10 (100%)

Time: 00:01.680, Memory: 46.00 MB

There were 9 errors:

1) Tests\Feature\Web\ChatInboxPageTest::test_authenticated_user_can_access_chats_page
BadMethodCallException: Call to undefined method App\Models\Company::factory()

C:\Users\USER\Desktop\projects\WhatsApp workflow automation\vendor\laravel\framework\src\Illuminate\Support\Traits\ForwardsCalls.php:67
C:\Users\USER\Desktop\projects\WhatsApp workflow automation\vendor\laravel\framework\src\Illuminate\Support\Traits\ForwardsCalls.php:36
C:\Users\USER\Desktop\projects\WhatsApp workflow automation\vendor\laravel\framework\src\Illuminate\Database\Eloquent\Model.php:2372
C:\Users\USER\Desktop\projects\WhatsApp workflow automation\vendor\laravel\framework\src\Illuminate\Database\Eloquent\Model.php:2384
C:\Users\USER\Desktop\projects\WhatsApp workflow automation\tests\Feature\Web\ChatInboxPageTest.php:24

2) Tests\Feature\Web\ChatInboxPageTest::test_chats_page_only_shows_company_scoped_conversations
BadMethodCallException: Call to undefined method App\Models\Company::factory()

C:\Users\USER\Desktop\projects\WhatsApp workflow automation\vendor\laravel\framework\src\Illuminate\Support\Traits\ForwardsCalls.php:67
C:\Users\USER\Desktop\projects\WhatsApp workflow automation\vendor\laravel\framework\src\Illuminate\Support\Traits\ForwardsCalls.php:36
C:\Users\USER\Desktop\projects\WhatsApp workflow automation\vendor\laravel\framework\src\Illuminate\Database\Eloquent\Model.php:2372
C:\Users\USER\Desktop\projects\WhatsApp workflow automation\vendor\laravel\framework\src\Illuminate\Database\Eloquent\Model.php:2384
C:\Users\USER\Desktop\projects\WhatsApp workflow automation\tests\Feature\Web\ChatInboxPageTest.php:34

3) Tests\Feature\Web\ChatInboxPageTest::test_send_message_feature
BadMethodCallException: Call to undefined method App\Models\Company::factory()

C:\Users\USER\Desktop\projects\WhatsApp workflow automation\vendor\laravel\framework\src\Illuminate\Support\Traits\ForwardsCalls.php:67
C:\Users\USER\Desktop\projects\WhatsApp workflow automation\vendor\laravel\framework\src\Illuminate\Support\Traits\ForwardsCalls.php:36
C:\Users\USER\Desktop\projects\WhatsApp workflow automation\vendor\laravel\framework\src\Illuminate\Database\Eloquent\Model.php:2372
C:\Users\USER\Desktop\projects\WhatsApp workflow automation\vendor\laravel\framework\src\Illuminate\Database\Eloquent\Model.php:2384
C:\Users\USER\Desktop\projects\WhatsApp workflow automation\tests\Feature\Web\ChatInboxPageTest.php:52

4) Tests\Feature\Web\ChatInboxPageTest::test_save_note_feature
BadMethodCallException: Call to undefined method App\Models\Company::factory()

C:\Users\USER\Desktop\projects\WhatsApp workflow automation\vendor\laravel\framework\src\Illuminate\Support\Traits\ForwardsCalls.php:67
C:\Users\USER\Desktop\projects\WhatsApp workflow automation\vendor\laravel\framework\src\Illuminate\Support\Traits\ForwardsCalls.php:36
C:\Users\USER\Desktop\projects\WhatsApp workflow automation\vendor\laravel\framework\src\Illuminate\Database\Eloquent\Model.php:2372
C:\Users\USER\Desktop\projects\WhatsApp workflow automation\vendor\laravel\framework\src\Illuminate\Database\Eloquent\Model.php:2384
C:\Users\USER\Desktop\projects\WhatsApp workflow automation\tests\Feature\Web\ChatInboxPageTest.php:72

5) Tests\Feature\Web\ChatInboxPageTest::test_close_chat_updates_status
BadMethodCallException: Call to undefined method App\Models\Company::factory()

C:\Users\USER\Desktop\projects\WhatsApp workflow automation\vendor\laravel\framework\src\Illuminate\Support\Traits\ForwardsCalls.php:67
C:\Users\USER\Desktop\projects\WhatsApp workflow automation\vendor\laravel\framework\src\Illuminate\Support\Traits\ForwardsCalls.php:36
C:\Users\USER\Desktop\projects\WhatsApp workflow automation\vendor\laravel\framework\src\Illuminate\Database\Eloquent\Model.php:2372
C:\Users\USER\Desktop\projects\WhatsApp workflow automation\vendor\laravel\framework\src\Illuminate\Database\Eloquent\Model.php:2384
C:\Users\USER\Desktop\projects\WhatsApp workflow automation\tests\Feature\Web\ChatInboxPageTest.php:93

6) Tests\Feature\Web\ChatInboxPageTest::test_renders_empty_state_when_no_conversations_exist
BadMethodCallException: Call to undefined method App\Models\Company::factory()

C:\Users\USER\Desktop\projects\WhatsApp workflow automation\vendor\laravel\framework\src\Illuminate\Support\Traits\ForwardsCalls.php:67
C:\Users\USER\Desktop\projects\WhatsApp workflow automation\vendor\laravel\framework\src\Illuminate\Support\Traits\ForwardsCalls.php:36
C:\Users\USER\Desktop\projects\WhatsApp workflow automation\vendor\laravel\framework\src\Illuminate\Database\Eloquent\Model.php:2372
C:\Users\USER\Desktop\projects\WhatsApp workflow automation\vendor\laravel\framework\src\Illuminate\Database\Eloquent\Model.php:2384
C:\Users\USER\Desktop\projects\WhatsApp workflow automation\tests\Feature\Web\ChatInboxPageTest.php:108

7) Tests\Feature\Web\ChatInboxPageTest::test_renders_empty_state_when_no_conversation_selected
BadMethodCallException: Call to undefined method App\Models\Company::factory()

C:\Users\USER\Desktop\projects\WhatsApp workflow automation\vendor\laravel\framework\src\Illuminate\Support\Traits\ForwardsCalls.php:67
C:\Users\USER\Desktop\projects\WhatsApp workflow automation\vendor\laravel\framework\src\Illuminate\Support\Traits\ForwardsCalls.php:36
C:\Users\USER\Desktop\projects\WhatsApp workflow automation\vendor\laravel\framework\src\Illuminate\Database\Eloquent\Model.php:2372
C:\Users\USER\Desktop\projects\WhatsApp workflow automation\vendor\laravel\framework\src\Illuminate\Database\Eloquent\Model.php:2384
C:\Users\USER\Desktop\projects\WhatsApp workflow automation\tests\Feature\Web\ChatInboxPageTest.php:119

8) Tests\Feature\Web\ChatInboxPageTest::test_selecting_conversation_removes_empty_state
BadMethodCallException: Call to undefined method App\Models\Company::factory()

C:\Users\USER\Desktop\projects\WhatsApp workflow automation\vendor\laravel\framework\src\Illuminate\Support\Traits\ForwardsCalls.php:67
C:\Users\USER\Desktop\projects\WhatsApp workflow automation\vendor\laravel\framework\src\Illuminate\Support\Traits\ForwardsCalls.php:36
C:\Users\USER\Desktop\projects\WhatsApp workflow automation\vendor\laravel\framework\src\Illuminate\Database\Eloquent\Model.php:2372
C:\Users\USER\Desktop\projects\WhatsApp workflow automation\vendor\laravel\framework\src\Illuminate\Database\Eloquent\Model.php:2384
C:\Users\USER\Desktop\projects\WhatsApp workflow automation\tests\Feature\Web\ChatInboxPageTest.php:133

9) Tests\Feature\Web\ChatInboxPageTest::test_search_filters_list_while_empty_state_visible
BadMethodCallException: Call to undefined method App\Models\Company::factory()

C:\Users\USER\Desktop\projects\WhatsApp workflow automation\vendor\laravel\framework\src\Illuminate\Support\Traits\ForwardsCalls.php:67
C:\Users\USER\Desktop\projects\WhatsApp workflow automation\vendor\laravel\framework\src\Illuminate\Support\Traits\ForwardsCalls.php:36
C:\Users\USER\Desktop\projects\WhatsApp workflow automation\vendor\laravel\framework\src\Illuminate\Database\Eloquent\Model.php:2372
C:\Users\USER\Desktop\projects\WhatsApp workflow automation\vendor\laravel\framework\src\Illuminate\Database\Eloquent\Model.php:2384
C:\Users\USER\Desktop\projects\WhatsApp workflow automation\tests\Feature\Web\ChatInboxPageTest.php:149

ERRORS!
Tests: 10, Assertions: 2, Errors: 9.
